#-----------------------------------------------------------
# Vivado v2023.1 (64-bit)
# SW Build 3865809 on Sun May  7 15:05:29 MDT 2023
# IP Build 3864474 on Sun May  7 20:36:21 MDT 2023
# SharedData Build 3865790 on Sun May 07 13:33:03 MDT 2023
# Start of session at: Mon Jan  6 09:15:46 2025
# Process ID: 2604
# Current directory: C:/Users/Lenovo/Desktop/colab/CO-lab-material-CQU/vivado/func_test_v0.01/soc_axi_func_sim/run_vivado/mycpu_prj1
# Command line: vivado.exe -gui_launcher_event rodinguilauncherevent7720 C:\Users\Lenovo\Desktop\colab\CO-lab-material-CQU\vivado\func_test_v0.01\soc_axi_func_sim\run_vivado\mycpu_prj1\mycpu.xpr
# Log file: C:/Users/Lenovo/Desktop/colab/CO-lab-material-CQU/vivado/func_test_v0.01/soc_axi_func_sim/run_vivado/mycpu_prj1/vivado.log
# Journal file: C:/Users/Lenovo/Desktop/colab/CO-lab-material-CQU/vivado/func_test_v0.01/soc_axi_func_sim/run_vivado/mycpu_prj1\vivado.jou
# Running On: DESKTOP-87K58HJ, OS: Windows, CPU Frequency: 2918 MHz, CPU Physical cores: 4, Host memory: 16952 MB
#-----------------------------------------------------------
start_gui
open_project C:/Users/Lenovo/Desktop/colab/CO-lab-material-CQU/vivado/func_test_v0.01/soc_axi_func_sim/run_vivado/mycpu_prj1/mycpu.xpr
update_compile_order -fileset sources_1
launch_simulation
source tb_top.tcl
run all
close_sim
