#-----------------------------------------------------------
# Vivado v2023.1 (64-bit)
# SW Build 3865809 on Sun May  7 15:05:29 MDT 2023
# IP Build 3864474 on Sun May  7 20:36:21 MDT 2023
# SharedData Build 3865790 on Sun May 07 13:33:03 MDT 2023
# Start of session at: Wed Jan  1 15:51:40 2025
# Process ID: 12412
# Current directory: C:/Users/Lenovo/Desktop/colab/CO-lab-material-CQU/vivado/perf_test_v0.01/soc_axi_perf/run_vivado/mycpu_prj1/mycpu.runs/clk_pll_synth_1
# Command line: vivado.exe -log clk_pll.vds -product Vivado -mode batch -messageDb vivado.pb -notrace -source clk_pll.tcl
# Log file: C:/Users/Lenovo/Desktop/colab/CO-lab-material-CQU/vivado/perf_test_v0.01/soc_axi_perf/run_vivado/mycpu_prj1/mycpu.runs/clk_pll_synth_1/clk_pll.vds
# Journal file: C:/Users/Lenovo/Desktop/colab/CO-lab-material-CQU/vivado/perf_test_v0.01/soc_axi_perf/run_vivado/mycpu_prj1/mycpu.runs/clk_pll_synth_1\vivado.jou
# Running On: DESKTOP-87K58HJ, OS: Windows, CPU Frequency: 2918 MHz, CPU Physical cores: 4, Host memory: 16952 MB
#-----------------------------------------------------------
source clk_pll.tcl -notrace
