#-----------------------------------------------------------
# Vivado v2023.1 (64-bit)
# SW Build 3865809 on Sun May  7 15:05:29 MDT 2023
# IP Build 3864474 on Sun May  7 20:36:21 MDT 2023
# SharedData Build 3865790 on Sun May 07 13:33:03 MDT 2023
# Start of session at: Mon Jan  6 16:31:01 2025
# Process ID: 26144
# Current directory: C:/Users/Lenovo/Desktop/colab/CO-lab-material-CQU/vivado/func_test_v0.01/soc_sram_func/run_vivado/project_1
# Command line: vivado.exe -gui_launcher_event rodinguilauncherevent29252 C:\Users\Lenovo\Desktop\colab\CO-lab-material-CQU\vivado\func_test_v0.01\soc_sram_func\run_vivado\project_1\project_1.xpr
# Log file: C:/Users/Lenovo/Desktop/colab/CO-lab-material-CQU/vivado/func_test_v0.01/soc_sram_func/run_vivado/project_1/vivado.log
# Journal file: C:/Users/Lenovo/Desktop/colab/CO-lab-material-CQU/vivado/func_test_v0.01/soc_sram_func/run_vivado/project_1\vivado.jou
# Running On: DESKTOP-87K58HJ, OS: Windows, CPU Frequency: 2918 MHz, CPU Physical cores: 4, Host memory: 16952 MB
#-----------------------------------------------------------
start_gui
open_project C:/Users/Lenovo/Desktop/colab/CO-lab-material-CQU/vivado/func_test_v0.01/soc_sram_func/run_vivado/project_1/project_1.xpr
launch_simulation
source tb_top.tcl
update_compile_order -fileset sources_1
run all
current_wave_config {Untitled 1}
add_wave {{/tb_top/soc_lite/confreg}} 
relaunch_sim
run all
open_hw_manager
connect_hw_server -allow_non_jtag
open_hw_target
set_property PROGRAM.FILE {C:/Users/Lenovo/Desktop/colab/CO-lab-material-CQU/vivado/func_test_v0.01/soc_sram_func/run_vivado/project_1/project_1.runs/impl_1/soc_lite_top.bit} [get_hw_devices xc7a100t_0]
current_hw_device [get_hw_devices xc7a100t_0]
refresh_hw_device -update_hw_probes false [lindex [get_hw_devices xc7a100t_0] 0]
set_property PROBES.FILE {} [get_hw_devices xc7a100t_0]
set_property FULL_PROBES.FILE {} [get_hw_devices xc7a100t_0]
set_property PROGRAM.FILE {C:/Users/Lenovo/Desktop/colab/CO-lab-material-CQU/vivado/func_test_v0.01/soc_sram_func/run_vivado/project_1/project_1.runs/impl_1/soc_lite_top.bit} [get_hw_devices xc7a100t_0]
program_hw_devices [get_hw_devices xc7a100t_0]
refresh_hw_device [lindex [get_hw_devices xc7a100t_0] 0]
set_property PROBES.FILE {} [get_hw_devices xc7a100t_0]
set_property FULL_PROBES.FILE {} [get_hw_devices xc7a100t_0]
set_property PROGRAM.FILE {C:/Users/Lenovo/Desktop/colab/CO-lab-material-CQU/vivado/func_test_v0.01/soc_sram_func/run_vivado/project_1/project_1.runs/impl_1/soc_lite_top.bit} [get_hw_devices xc7a100t_0]
program_hw_devices [get_hw_devices xc7a100t_0]
refresh_hw_device [lindex [get_hw_devices xc7a100t_0] 0]
close_hw_manager
close_sim
